// Jest Snapshot v1, https://goo.gl/fbAQLP

exports[`<Confirm /> When Confirm component has been rendered with global state from Context Create snapshot of Confirm component 1`] = `
Object {
  "asFragment": [Function],
  "baseElement": <body>
    <div>
      <h6
        class="MuiTypography-root MuiTypography-h6 MuiTypography-gutterBottom css-18k87ye-MuiTypography-root"
      >
        Order summary
      </h6>
      <ul
        class="MuiList-root css-1mk9mw3-MuiList-root"
      >
        <li
          class="MuiListItem-root MuiListItem-gutters MuiListItem-padding css-den40q-MuiListItem-root"
        >
          <div
            class="MuiListItemText-root css-tlelie-MuiListItemText-root"
          >
            <span
              class="MuiTypography-root MuiTypography-body1 MuiListItemText-primary css-10hburv-MuiTypography-root"
            >
              iPhone X
            </span>
          </div>
          <p
            class="MuiTypography-root MuiTypography-body2 css-e784if-MuiTypography-root"
          >
            100
          </p>
        </li>
        <li
          class="MuiListItem-root MuiListItem-gutters MuiListItem-padding css-den40q-MuiListItem-root"
        >
          <div
            class="MuiListItemText-root css-tlelie-MuiListItemText-root"
          >
            <span
              class="MuiTypography-root MuiTypography-body1 MuiListItemText-primary css-10hburv-MuiTypography-root"
            >
              Total
            </span>
          </div>
          <h6
            class="MuiTypography-root MuiTypography-subtitle1 css-1isisa7-MuiTypography-root"
          >
            100
          </h6>
        </li>
      </ul>
      <div
        class="MuiGrid-root MuiGrid-container MuiGrid-spacing-xs-2 css-mhc70k-MuiGrid-root"
      >
        <div
          class="MuiGrid-root MuiGrid-item MuiGrid-grid-xs-12 MuiGrid-grid-sm-6 css-1b3l6lk-MuiGrid-root"
        >
          <h6
            class="MuiTypography-root MuiTypography-h6 MuiTypography-gutterBottom css-xzs2lf-MuiTypography-root"
          >
            User Info
          </h6>
          <p
            class="MuiTypography-root MuiTypography-body1 MuiTypography-gutterBottom css-d3wcwz-MuiTypography-root"
          >
             
          </p>
          <p
            class="MuiTypography-root MuiTypography-body1 MuiTypography-gutterBottom css-d3wcwz-MuiTypography-root"
          />
        </div>
        <div
          class="MuiGrid-root MuiGrid-container MuiGrid-item MuiGrid-direction-xs-column MuiGrid-grid-xs-12 MuiGrid-grid-sm-6 css-1h2i2a7-MuiGrid-root"
        >
          <h6
            class="MuiTypography-root MuiTypography-h6 MuiTypography-gutterBottom css-xzs2lf-MuiTypography-root"
          >
            Shipping Detail
          </h6>
          <p
            class="MuiTypography-root MuiTypography-body1 MuiTypography-gutterBottom css-d3wcwz-MuiTypography-root"
          />
          <p
            class="MuiTypography-root MuiTypography-body1 MuiTypography-gutterBottom css-d3wcwz-MuiTypography-root"
          />
          <p
            class="MuiTypography-root MuiTypography-body1 MuiTypography-gutterBottom css-d3wcwz-MuiTypography-root"
          />
          <p
            class="MuiTypography-root MuiTypography-body1 MuiTypography-gutterBottom css-d3wcwz-MuiTypography-root"
          />
        </div>
        <div
          class="MuiBox-root css-1bvc4cc"
        >
          <button
            class="MuiButton-root MuiButton-text MuiButton-textPrimary MuiButton-sizeMedium MuiButton-textSizeMedium MuiButtonBase-root  css-1dym4ij-MuiButtonBase-root-MuiButton-root"
            tabindex="0"
            type="button"
          >
            Back
            <span
              class="MuiTouchRipple-root css-8je8zh-MuiTouchRipple-root"
            />
          </button>
          <button
            class="MuiButton-root MuiButton-contained MuiButton-containedPrimary MuiButton-sizeMedium MuiButton-containedSizeMedium MuiButtonBase-root  css-8bjq0v-MuiButtonBase-root-MuiButton-root"
            data-testid="confirm-order"
            tabindex="0"
            type="button"
          >
            Place order
            <span
              class="MuiTouchRipple-root css-8je8zh-MuiTouchRipple-root"
            />
          </button>
        </div>
      </div>
    </div>
    <div>
      <h6
        class="MuiTypography-root MuiTypography-h6 MuiTypography-gutterBottom css-18k87ye-MuiTypography-root"
      >
        Order summary
      </h6>
      <ul
        class="MuiList-root css-1mk9mw3-MuiList-root"
      >
        <li
          class="MuiListItem-root MuiListItem-gutters MuiListItem-padding css-den40q-MuiListItem-root"
        >
          <div
            class="MuiListItemText-root css-tlelie-MuiListItemText-root"
          >
            <span
              class="MuiTypography-root MuiTypography-body1 MuiListItemText-primary css-10hburv-MuiTypography-root"
            >
              iPhone X
            </span>
          </div>
          <p
            class="MuiTypography-root MuiTypography-body2 css-e784if-MuiTypography-root"
          >
            100
          </p>
        </li>
        <li
          class="MuiListItem-root MuiListItem-gutters MuiListItem-padding css-den40q-MuiListItem-root"
        >
          <div
            class="MuiListItemText-root css-tlelie-MuiListItemText-root"
          >
            <span
              class="MuiTypography-root MuiTypography-body1 MuiListItemText-primary css-10hburv-MuiTypography-root"
            >
              Total
            </span>
          </div>
          <h6
            class="MuiTypography-root MuiTypography-subtitle1 css-1isisa7-MuiTypography-root"
          >
            100
          </h6>
        </li>
      </ul>
      <div
        class="MuiGrid-root MuiGrid-container MuiGrid-spacing-xs-2 css-mhc70k-MuiGrid-root"
      >
        <div
          class="MuiGrid-root MuiGrid-item MuiGrid-grid-xs-12 MuiGrid-grid-sm-6 css-1b3l6lk-MuiGrid-root"
        >
          <h6
            class="MuiTypography-root MuiTypography-h6 MuiTypography-gutterBottom css-xzs2lf-MuiTypography-root"
          >
            User Info
          </h6>
          <p
            class="MuiTypography-root MuiTypography-body1 MuiTypography-gutterBottom css-d3wcwz-MuiTypography-root"
          >
             
          </p>
          <p
            class="MuiTypography-root MuiTypography-body1 MuiTypography-gutterBottom css-d3wcwz-MuiTypography-root"
          />
        </div>
        <div
          class="MuiGrid-root MuiGrid-container MuiGrid-item MuiGrid-direction-xs-column MuiGrid-grid-xs-12 MuiGrid-grid-sm-6 css-1h2i2a7-MuiGrid-root"
        >
          <h6
            class="MuiTypography-root MuiTypography-h6 MuiTypography-gutterBottom css-xzs2lf-MuiTypography-root"
          >
            Shipping Detail
          </h6>
          <p
            class="MuiTypography-root MuiTypography-body1 MuiTypography-gutterBottom css-d3wcwz-MuiTypography-root"
          />
          <p
            class="MuiTypography-root MuiTypography-body1 MuiTypography-gutterBottom css-d3wcwz-MuiTypography-root"
          />
          <p
            class="MuiTypography-root MuiTypography-body1 MuiTypography-gutterBottom css-d3wcwz-MuiTypography-root"
          />
          <p
            class="MuiTypography-root MuiTypography-body1 MuiTypography-gutterBottom css-d3wcwz-MuiTypography-root"
          />
        </div>
        <div
          class="MuiBox-root css-1bvc4cc"
        >
          <button
            class="MuiButton-root MuiButton-text MuiButton-textPrimary MuiButton-sizeMedium MuiButton-textSizeMedium MuiButtonBase-root  css-1dym4ij-MuiButtonBase-root-MuiButton-root"
            tabindex="0"
            type="button"
          >
            Back
            <span
              class="MuiTouchRipple-root css-8je8zh-MuiTouchRipple-root"
            />
          </button>
          <button
            class="MuiButton-root MuiButton-contained MuiButton-containedPrimary MuiButton-sizeMedium MuiButton-containedSizeMedium MuiButtonBase-root  css-8bjq0v-MuiButtonBase-root-MuiButton-root"
            data-testid="confirm-order"
            tabindex="0"
            type="button"
          >
            Place order
            <span
              class="MuiTouchRipple-root css-8je8zh-MuiTouchRipple-root"
            />
          </button>
        </div>
      </div>
    </div>
  </body>,
  "container": <div>
    <h6
      class="MuiTypography-root MuiTypography-h6 MuiTypography-gutterBottom css-18k87ye-MuiTypography-root"
    >
      Order summary
    </h6>
    <ul
      class="MuiList-root css-1mk9mw3-MuiList-root"
    >
      <li
        class="MuiListItem-root MuiListItem-gutters MuiListItem-padding css-den40q-MuiListItem-root"
      >
        <div
          class="MuiListItemText-root css-tlelie-MuiListItemText-root"
        >
          <span
            class="MuiTypography-root MuiTypography-body1 MuiListItemText-primary css-10hburv-MuiTypography-root"
          >
            iPhone X
          </span>
        </div>
        <p
          class="MuiTypography-root MuiTypography-body2 css-e784if-MuiTypography-root"
        >
          100
        </p>
      </li>
      <li
        class="MuiListItem-root MuiListItem-gutters MuiListItem-padding css-den40q-MuiListItem-root"
      >
        <div
          class="MuiListItemText-root css-tlelie-MuiListItemText-root"
        >
          <span
            class="MuiTypography-root MuiTypography-body1 MuiListItemText-primary css-10hburv-MuiTypography-root"
          >
            Total
          </span>
        </div>
        <h6
          class="MuiTypography-root MuiTypography-subtitle1 css-1isisa7-MuiTypography-root"
        >
          100
        </h6>
      </li>
    </ul>
    <div
      class="MuiGrid-root MuiGrid-container MuiGrid-spacing-xs-2 css-mhc70k-MuiGrid-root"
    >
      <div
        class="MuiGrid-root MuiGrid-item MuiGrid-grid-xs-12 MuiGrid-grid-sm-6 css-1b3l6lk-MuiGrid-root"
      >
        <h6
          class="MuiTypography-root MuiTypography-h6 MuiTypography-gutterBottom css-xzs2lf-MuiTypography-root"
        >
          User Info
        </h6>
        <p
          class="MuiTypography-root MuiTypography-body1 MuiTypography-gutterBottom css-d3wcwz-MuiTypography-root"
        >
           
        </p>
        <p
          class="MuiTypography-root MuiTypography-body1 MuiTypography-gutterBottom css-d3wcwz-MuiTypography-root"
        />
      </div>
      <div
        class="MuiGrid-root MuiGrid-container MuiGrid-item MuiGrid-direction-xs-column MuiGrid-grid-xs-12 MuiGrid-grid-sm-6 css-1h2i2a7-MuiGrid-root"
      >
        <h6
          class="MuiTypography-root MuiTypography-h6 MuiTypography-gutterBottom css-xzs2lf-MuiTypography-root"
        >
          Shipping Detail
        </h6>
        <p
          class="MuiTypography-root MuiTypography-body1 MuiTypography-gutterBottom css-d3wcwz-MuiTypography-root"
        />
        <p
          class="MuiTypography-root MuiTypography-body1 MuiTypography-gutterBottom css-d3wcwz-MuiTypography-root"
        />
        <p
          class="MuiTypography-root MuiTypography-body1 MuiTypography-gutterBottom css-d3wcwz-MuiTypography-root"
        />
        <p
          class="MuiTypography-root MuiTypography-body1 MuiTypography-gutterBottom css-d3wcwz-MuiTypography-root"
        />
      </div>
      <div
        class="MuiBox-root css-1bvc4cc"
      >
        <button
          class="MuiButton-root MuiButton-text MuiButton-textPrimary MuiButton-sizeMedium MuiButton-textSizeMedium MuiButtonBase-root  css-1dym4ij-MuiButtonBase-root-MuiButton-root"
          tabindex="0"
          type="button"
        >
          Back
          <span
            class="MuiTouchRipple-root css-8je8zh-MuiTouchRipple-root"
          />
        </button>
        <button
          class="MuiButton-root MuiButton-contained MuiButton-containedPrimary MuiButton-sizeMedium MuiButton-containedSizeMedium MuiButtonBase-root  css-8bjq0v-MuiButtonBase-root-MuiButton-root"
          data-testid="confirm-order"
          tabindex="0"
          type="button"
        >
          Place order
          <span
            class="MuiTouchRipple-root css-8je8zh-MuiTouchRipple-root"
          />
        </button>
      </div>
    </div>
  </div>,
  "debug": [Function],
  "findAllByAltText": [Function],
  "findAllByDisplayValue": [Function],
  "findAllByLabelText": [Function],
  "findAllByPlaceholderText": [Function],
  "findAllByRole": [Function],
  "findAllByTestId": [Function],
  "findAllByText": [Function],
  "findAllByTitle": [Function],
  "findByAltText": [Function],
  "findByDisplayValue": [Function],
  "findByLabelText": [Function],
  "findByPlaceholderText": [Function],
  "findByRole": [Function],
  "findByTestId": [Function],
  "findByText": [Function],
  "findByTitle": [Function],
  "getAllByAltText": [Function],
  "getAllByDisplayValue": [Function],
  "getAllByLabelText": [Function],
  "getAllByPlaceholderText": [Function],
  "getAllByRole": [Function],
  "getAllByTestId": [Function],
  "getAllByText": [Function],
  "getAllByTitle": [Function],
  "getByAltText": [Function],
  "getByDisplayValue": [Function],
  "getByLabelText": [Function],
  "getByPlaceholderText": [Function],
  "getByRole": [Function],
  "getByTestId": [Function],
  "getByText": [Function],
  "getByTitle": [Function],
  "queryAllByAltText": [Function],
  "queryAllByDisplayValue": [Function],
  "queryAllByLabelText": [Function],
  "queryAllByPlaceholderText": [Function],
  "queryAllByRole": [Function],
  "queryAllByTestId": [Function],
  "queryAllByText": [Function],
  "queryAllByTitle": [Function],
  "queryByAltText": [Function],
  "queryByDisplayValue": [Function],
  "queryByLabelText": [Function],
  "queryByPlaceholderText": [Function],
  "queryByRole": [Function],
  "queryByTestId": [Function],
  "queryByText": [Function],
  "queryByTitle": [Function],
  "rerender": [Function],
  "unmount": [Function],
}
`;
